正在连接到板子...

============================================================
  Nucleo-H743ZI-FC 自动化测试
  端口: COM5 @ 115200
============================================================

[TEST] 1. 启动日志检查... ✅ PASS
[TEST] 2. dual_imu_fusion进程... ❌ FAIL
  └─ 进程未运行
[TEST] 3. I2C1 BMM150检测... ✅ PASS
[TEST] 4. ICM42688P驱动状态... ❌ FAIL
  └─ IMU未运行
[TEST] 5. BMM150驱动状态... ❌ FAIL
  └─ 未运行
[TEST] 6. 加速度计数据... ❌ FAIL
  └─ 无数据
[TEST] 7. 姿态数据更新... ❌ FAIL
  └─ 无数据
[TEST] 8. MAVLink流配置... ❌ FAIL
  └─ 缺少ATTITUDE_QUATERNION

============================================================
  测试总结
============================================================
通过: 2/8 (25.0%)
失败: 6/8

❌ 检测到以下问题:

  • 2. dual_imu_fusion进程: 进程未运行
  • 4. ICM42688P驱动状态: IMU未运行
  • 5. BMM150驱动状态: 未运行
  • 6. 加速度计数据: 无数据
  • 7. 姿态数据更新: 无数据
  • 8. MAVLink流配置: 缺少ATTITUDE_QUATERNION

报告已保存: test_results_20251202_150305.md

串口已关闭
